WARNING: Adjusting warmup_iter to 112 to allow equal distribution to 1 threads
Using null runtime for storage backend without ETCD
POSIX backend with API type: URING
Single instance storage backend - no synchronization needed
Creating file: /tmp/nvme_raid0//nixlbench_posix_test_file_initiator_0
File /tmp/nvme_raid0//nixlbench_posix_test_file_initiator_0 exists, size: 53687091200
****************************************************************************************************************************************************************
NIXLBench Configuration
****************************************************************************************************************************************************************
Runtime (--runtime_type=[etcd])                             : ETCD
ETCD Endpoint                                               : disabled (storage backend)
Worker type (--worker_type=[nixl,nvshmem])                  : nixl
Backend (--backend=[UCX,GDS,GDS_MT,POSIX,Mooncake,HF3FS,OBJ]): POSIX
Enable pt (--enable_pt=[0,1])                               : 0
Progress threads (--progress_threads=N)                     : 0
Device list (--device_list=dev1,dev2,...)                   : all
Enable VMM (--enable_vmm=[0,1])                             : 0
POSIX API type (--posix_api_type=[AIO,URING,POSIXAIO])      : URING
filepath (--filepath=path)                                  : /tmp/nvme_raid0/
Number of files (--num_files=N)                             : 1
Storage enable direct (--storage_enable_direct=[0,1])       : 1
Initiator seg type (--initiator_seg_type=[DRAM,VRAM])       : DRAM
Target seg type (--target_seg_type=[DRAM,VRAM])             : DRAM
Scheme (--scheme=[pairwise,manytoone,onetomany,tp])         : pairwise
Mode (--mode=[SG,MG])                                       : SG
Op type (--op_type=[READ,WRITE])                            : READ
Check consistency (--check_consistency=[0,1])               : 0
Total buffer size (--total_buffer_size=N)                   : 34359738368
Num initiator dev (--num_initiator_dev=N)                   : 1
Num target dev (--num_target_dev=N)                         : 1
Start block size (--start_block_size=N)                     : 1048576
Max block size (--max_block_size=N)                         : 16777216
Start batch size (--start_batch_size=N)                     : 256
Max batch size (--max_batch_size=N)                         : 256
Num iter (--num_iter=N)                                     : 2048
Warmup iter (--warmup_iter=N)                               : 112
Large block iter factor (--large_blk_iter_ftr=N)            : 16
Num threads (--num_threads=N)                               : 1
----------------------------------------------------------------------------------------------------------------------------------------------------------------

Block Size (B)      Batch Size     B/W (GB/Sec)   Avg Lat. (us)  Avg Prep (us)  P99 Prep (us)  Avg Post (us)  P99 Post (us)  Avg Tx (us)    P99 Tx (us)    
----------------------------------------------------------------------------------------------------------------------------------------------------------------
1048576             256            11.727420      89.4           84.0           84.0           1276.3         1405.0         21613.2        21756.0        
2097152             256            12.262508      171.0          52.0           52.0           2568.9         3014.0         41211.9        41380.0        
4194304             256            12.466272      336.5          58.0           58.0           5133.4         5758.0         80997.6        81227.0        
8388608             256            12.648563      663.2          69.0           69.0           80344.5        86507.0        89435.4        158638.0       
16777216            256            12.842815      1306.4         81.0           81.0           251873.9       253245.0       82550.8        84937.0        
