WARNING: Adjusting warmup_iter to 256 to allow equal distribution to 16 threads
Using null runtime for storage backend without ETCD
POSIX backend with API type: URING
Single instance storage backend - no synchronization needed
Creating file: /tmp/nvme_raid0//nixlbench_posix_test_file_initiator_0
File /tmp/nvme_raid0//nixlbench_posix_test_file_initiator_0 exists, size: 53687091200
Creating file: /tmp/nvme_raid0//nixlbench_posix_test_file_initiator_1
File /tmp/nvme_raid0//nixlbench_posix_test_file_initiator_1 exists, size: 53687091200
Creating file: /tmp/nvme_raid0//nixlbench_posix_test_file_initiator_2
File /tmp/nvme_raid0//nixlbench_posix_test_file_initiator_2 exists, size: 53687091200
Creating file: /tmp/nvme_raid0//nixlbench_posix_test_file_initiator_3
File /tmp/nvme_raid0//nixlbench_posix_test_file_initiator_3 exists, size: 53687091200
Creating file: /tmp/nvme_raid0//nixlbench_posix_test_file_initiator_4
File /tmp/nvme_raid0//nixlbench_posix_test_file_initiator_4 exists, size: 53687091200
Creating file: /tmp/nvme_raid0//nixlbench_posix_test_file_initiator_5
File /tmp/nvme_raid0//nixlbench_posix_test_file_initiator_5 exists, size: 53687091200
Creating file: /tmp/nvme_raid0//nixlbench_posix_test_file_initiator_6
File /tmp/nvme_raid0//nixlbench_posix_test_file_initiator_6 exists, size: 53687091200
Creating file: /tmp/nvme_raid0//nixlbench_posix_test_file_initiator_7
File /tmp/nvme_raid0//nixlbench_posix_test_file_initiator_7 exists, size: 53687091200
Creating file: /tmp/nvme_raid0//nixlbench_posix_test_file_initiator_8
File /tmp/nvme_raid0//nixlbench_posix_test_file_initiator_8 exists, size: 53687091200
Creating file: /tmp/nvme_raid0//nixlbench_posix_test_file_initiator_9
File /tmp/nvme_raid0//nixlbench_posix_test_file_initiator_9 exists, size: 53687091200
Creating file: /tmp/nvme_raid0//nixlbench_posix_test_file_initiator_10
File /tmp/nvme_raid0//nixlbench_posix_test_file_initiator_10 exists, size: 53687091200
Creating file: /tmp/nvme_raid0//nixlbench_posix_test_file_initiator_11
File /tmp/nvme_raid0//nixlbench_posix_test_file_initiator_11 exists, size: 53687091200
Creating file: /tmp/nvme_raid0//nixlbench_posix_test_file_initiator_12
File /tmp/nvme_raid0//nixlbench_posix_test_file_initiator_12 exists, size: 53687091200
Creating file: /tmp/nvme_raid0//nixlbench_posix_test_file_initiator_13
File /tmp/nvme_raid0//nixlbench_posix_test_file_initiator_13 exists, size: 53687091200
Creating file: /tmp/nvme_raid0//nixlbench_posix_test_file_initiator_14
File /tmp/nvme_raid0//nixlbench_posix_test_file_initiator_14 exists, size: 53687091200
Creating file: /tmp/nvme_raid0//nixlbench_posix_test_file_initiator_15
File /tmp/nvme_raid0//nixlbench_posix_test_file_initiator_15 exists, size: 53687091200
****************************************************************************************************************************************************************
NIXLBench Configuration
****************************************************************************************************************************************************************
Runtime (--runtime_type=[etcd])                             : ETCD
ETCD Endpoint                                               : disabled (storage backend)
Worker type (--worker_type=[nixl,nvshmem])                  : nixl
Backend (--backend=[UCX,GDS,GDS_MT,POSIX,Mooncake,HF3FS,OBJ]): POSIX
Enable pt (--enable_pt=[0,1])                               : 0
Progress threads (--progress_threads=N)                     : 0
Device list (--device_list=dev1,dev2,...)                   : all
Enable VMM (--enable_vmm=[0,1])                             : 0
POSIX API type (--posix_api_type=[AIO,URING,POSIXAIO])      : URING
filepath (--filepath=path)                                  : /tmp/nvme_raid0/
Number of files (--num_files=N)                             : 16
Storage enable direct (--storage_enable_direct=[0,1])       : 1
Initiator seg type (--initiator_seg_type=[DRAM,VRAM])       : DRAM
Target seg type (--target_seg_type=[DRAM,VRAM])             : DRAM
Scheme (--scheme=[pairwise,manytoone,onetomany,tp])         : pairwise
Mode (--mode=[SG,MG])                                       : SG
Op type (--op_type=[READ,WRITE])                            : READ
Check consistency (--check_consistency=[0,1])               : 0
Total buffer size (--total_buffer_size=N)                   : 68719476736
Num initiator dev (--num_initiator_dev=N)                   : 1
Num target dev (--num_target_dev=N)                         : 1
Start block size (--start_block_size=N)                     : 1048576
Max block size (--max_block_size=N)                         : 16777216
Start batch size (--start_batch_size=N)                     : 256
Max batch size (--max_batch_size=N)                         : 256
Num iter (--num_iter=N)                                     : 2048
Warmup iter (--warmup_iter=N)                               : 256
Large block iter factor (--large_blk_iter_ftr=N)            : 16
Num threads (--num_threads=N)                               : 16
----------------------------------------------------------------------------------------------------------------------------------------------------------------

Block Size (B)      Batch Size     B/W (GB/Sec)   Avg Lat. (us)  Avg Prep (us)  P99 Prep (us)  Avg Post (us)  P99 Post (us)  Avg Tx (us)    P99 Tx (us)    
----------------------------------------------------------------------------------------------------------------------------------------------------------------
1048576             256            12.690680      82.6           273.9          397.0          1165.9         6034.0         330345.5       796291.0       
2097152             256            12.576265      166.8          237.6          348.0          3317.2         20611.0        645083.8       1060699.0      
4194304             256            12.608693      332.7          218.9          254.0          40709.4        150516.0       1307046.8      1354766.0      
8388608             256            12.522476      669.9          276.5          358.0          645093.9       2384006.0      1993486.1      2338952.0      
16777216            256            12.664857      1324.7         284.2          305.0          3702209.3      6168646.0      1474638.6      1916610.0      
